2026-02-17 13:40:01,825 | INFO    | Starting NYC Taxi PySpark ETL job
2026-02-17 13:40:02,450 | ERROR   | Job failed: [JAVA_GATEWAY_EXITED] Java gateway process exited before sending its port number.
Traceback (most recent call last):
  File "c:\Users\mukht\mantisai-de-internship\week3\etl\etl_pipeline.py", line 119, in <module>
    main()
    ~~~~^^
  File "c:\Users\mukht\mantisai-de-internship\week3\etl\etl_pipeline.py", line 50, in main
    .getOrCreate()
     ~~~~~~~~~~~^^
  File "C:\Users\mukht\mantisai-de-internship\.venv\Lib\site-packages\pyspark\sql\session.py", line 557, in getOrCreate
    sc = SparkContext.getOrCreate(sparkConf)
  File "C:\Users\mukht\mantisai-de-internship\.venv\Lib\site-packages\pyspark\core\context.py", line 542, in getOrCreate
    SparkContext(conf=conf or SparkConf())
    ~~~~~~~~~~~~^^^^^^^^^^^^^^^^^^^^^^^^^^
  File "C:\Users\mukht\mantisai-de-internship\.venv\Lib\site-packages\pyspark\core\context.py", line 206, in __init__
    SparkContext._ensure_initialized(self, gateway=gateway, conf=conf)
    ~~~~~~~~~~~~~~~~~~~~~~~~~~~~~~~~^^^^^^^^^^^^^^^^^^^^^^^^^^^^^^^^^^
  File "C:\Users\mukht\mantisai-de-internship\.venv\Lib\site-packages\pyspark\core\context.py", line 463, in _ensure_initialized
    SparkContext._gateway = gateway or launch_gateway(conf)
                                       ~~~~~~~~~~~~~~^^^^^^
  File "C:\Users\mukht\mantisai-de-internship\.venv\Lib\site-packages\pyspark\java_gateway.py", line 111, in launch_gateway
    raise PySparkRuntimeError(
    ...<2 lines>...
    )
pyspark.errors.exceptions.base.PySparkRuntimeError: [JAVA_GATEWAY_EXITED] Java gateway process exited before sending its port number.
