2026-03-02 14:15:00,596 | INFO    | Starting NYC Taxi ETL
2026-03-02 14:15:13,165 | INFO    | Reading data from C:C:\Mukhtar\data\NYC-yellow-taxi-dataset.csv
2026-03-02 14:15:14,851 | ERROR   | Job failed: [PATH_NOT_FOUND] Path does not exist: file:/C:C:/Mukhtar/data/NYC-yellow-taxi-dataset.csv. SQLSTATE: 42K03
Traceback (most recent call last):
  File "c:\Users\mukht\mantisai-de-internship\week3\etl\etl_pipeline.py", line 192, in <module>
    main()
    ~~~~^^
  File "c:\Users\mukht\mantisai-de-internship\week3\etl\etl_pipeline.py", line 95, in main
    .csv(data_path)
     ~~~^^^^^^^^^^^
  File "C:\Users\mukht\mantisai-de-internship\.venv\Lib\site-packages\pyspark\sql\readwriter.py", line 838, in csv
    return self._df(self._jreader.csv(self._spark._sc._jvm.PythonUtils.toSeq(path)))
                    ~~~~~~~~~~~~~~~~~^^^^^^^^^^^^^^^^^^^^^^^^^^^^^^^^^^^^^^^^^^^^^^
  File "C:\Users\mukht\mantisai-de-internship\.venv\Lib\site-packages\py4j\java_gateway.py", line 1362, in __call__
    return_value = get_return_value(
        answer, self.gateway_client, self.target_id, self.name)
  File "C:\Users\mukht\mantisai-de-internship\.venv\Lib\site-packages\pyspark\errors\exceptions\captured.py", line 269, in deco
    raise converted from None
pyspark.errors.exceptions.captured.AnalysisException: [PATH_NOT_FOUND] Path does not exist: file:/C:C:/Mukhtar/data/NYC-yellow-taxi-dataset.csv. SQLSTATE: 42K03
2026-03-02 14:15:14,877 | INFO    | Closing down clientserver connection
